AX51 MACRO ASSEMBLER  TIMER_COUNTDOWN                                                       04/17/17 19:56:26 PAGE     1


MACRO ASSEMBLER AX51 V3.12.0.0
OBJECT MODULE PLACED IN .\src\timer_countdown.OBJ
ASSEMBLER INVOKED BY: Z:\Applications\Simplicity Studio.app\Contents\Eclipse\developer\toolchains\keil_8051\9.53\BIN\AX5
                      1.exe /Users/rafi/Documents/Code/ECE-251-A/ece251a-project2/src/timer_countdown.SRC ERRORPRINT SET
                      (SMALL) DEBUG MACRO NOMOD51 INCDIR(/Applications/Simplicity Studio.app/Contents/Eclipse/developer/
                      sdks/8051/v4.0.3//Device/shared/si8051base;/Applications/Simplicity Studio.app/Contents/Eclipse/de
                      veloper/sdks/8051/v4.0.3//Device/EFM8BB3/inc;/Applications/Simplicity Studio.app/Contents/Eclipse/
                      developer/sdks/8051/v4.0.3//kits/common/drivers/efm8_memory_lcd/inc;/Applications/Simplicity Studi
                      o.app/Contents/Eclipse/developer/sdks/8051/v4.0.3//kits/common/drivers/efm8_memory_lcd/inc/graphic
                      s;/Applications/Simplicity Studio.app/Contents/Eclipse/developer/sdks/8051/v4.0.3//kits/common/dri
                      vers/efm8_memory_lcd/inc/config;/Applications/Simplicity Studio.app/Contents/Eclipse/developer/sdk
                      s/8051/v4.0.3//kits/common/bsp;/Applications/Simplicity Studio.app/Contents/Eclipse/developer/sdks
                      /8051/v4.0.3//kits/EFM8BB3_SLSTK2022A/config;/Applications/Simplicity Studio.app/Contents/Eclipse/
                      developer/sdks/8051/v4.0.3//Device/EFM8BB3/peripheral_driver/inc) PRINT(.\src\timer_countdown.lst)
                       COND SYMBOLS PAGEWIDTH(120) PAGELENGTH(65) OBJECT(.\src\timer_countdown.OBJ) 

LOC    OBJ             LINE     SOURCE

                          1     ; /home/hexafraction/SimplicityStudio/v4_workspace/timerlib/src/timer_countdown.SRC gene
                               rated from: /home/hexafraction/SimplicityStudio/v4_workspace/timerlib/src/timer_countdown.c
                          2     ; COMPILER INVOKED BY:
                          3     ;        Z:\home\hexafraction\SimplicityStudio_v4\developer\toolchains\keil_8051\9.53\BI
                               N\C51.exe /home/hexafraction/SimplicityStudio/v4_workspace/timerlib/src/timer_countdown.c
                                OMF2 SMALL DEBUG OBJECTEXTEND ROM(LARGE) WARNINGLEVEL(2) FLOATFUZZY(3) OPTIMIZE(8,SPEED)
                                DEFINE(DEBUG=1) INTVECTOR(0X0000) INTPROMOTE INCDIR(/home/hexafraction/SimplicityStudio_
                               v4/developer/sdks/8051/v4.0.3//Device/shared/si8051base;/home/hexafraction/SimplicityStud
                               io_v4/developer/sdks/8051/v4.0.3//Device/EFM8BB3/inc) PRINT(.\src/timer_countdown.lst) CO
                               ND PAGEWIDTH(120) PAGELENGTH(65) OBJECT(.\src/timer_countdown.OBJ)
                          4     
                          5     
                          6     NAME    TIMER_COUNTDOWN
                          7     
------                    8     ?PR?performCountdown?TIMER_COUNTDOWN     SEGMENT CODE
                          9     
                         10     
                         11     ; #pragma src
                         12     ; void performCountdown(){
                         13     
------                   14             RSEG  ?PR?performCountdown?TIMER_COUNTDOWN
                         15             PUBLIC  delaySecond
000000                   16     delaySecond:
                         17             USING   0
                         18     ;       nop
                         19                     ; decrementing a register takes 1 clock
                         20                     ; we need to burn 765625 clocks, which is 125*125*49
                         21                     ; Inner loop: Decrement A, use JZ which takes 2 cycles most of the time
                         22                     ; this makes for 46 nops, dec A, jz
000000 7E0A              23               MOV R6, #10 ;; this does one second for all three blinks; change to 30 for one
                                second per blink
000002                   24               jt_outer2:
000002 7F7D              25               MOV R7, #125
000004                   26               jt_outer:
000004 747D              27               MOV A, #125
000006                   28               jt_inner:
000006 00                29               nop
000007 00                30               nop
000008 00                31               nop
000009 00                32               nop
00000A 00                33               nop ; 5
00000B 00                34               nop
00000C 00                35               nop
AX51 MACRO ASSEMBLER  TIMER_COUNTDOWN                                                       04/17/17 19:56:26 PAGE     2

00000D 00                36               nop
00000E 00                37               nop
00000F 00                38               nop ; 10
000010 00                39               nop
000011 00                40               nop
000012 00                41               nop
000013 00                42               nop
000014 00                43               nop ; 15
000015 00                44               nop
000016 00                45               nop
000017 00                46               nop
000018 00                47               nop
000019 00                48               nop ; 20
00001A 00                49               nop
00001B 00                50               nop
00001C 00                51               nop
00001D 00                52               nop
00001E 00                53               nop ; 25
00001F 00                54               nop
000020 00                55               nop
000021 00                56               nop
000022 00                57               nop
000023 00                58               nop ; 30
000024 00                59               nop
000025 00                60               nop
000026 00                61               nop
000027 00                62               nop
000028 00                63               nop ; 35
000029 00                64               nop
00002A 00                65               nop
00002B 00                66               nop
00002C 00                67               nop
00002D 00                68               nop ; 40
00002E 00                69               nop
00002F 00                70               nop
000030 00                71               nop
000031 00                72               nop
000032 00                73               nop ; 45
000033 00                74               nop ; 46
000034 14                75               DEC A
000035 70CF              76               JNZ jt_inner ; continue loop if jt_inner !=0
000037 1F                77               DEC R7
000038 EF                78               MOV A, R7
000039 70C9              79               JNZ jt_outer ; need to have value in A for comparison
00003B 1E                80               DEC R6
00003C EE                81               MOV A, R6
00003D 70C3              82               JNZ jt_outer2
00003F 22                83             RET     
                         84     ; END OF performCountdown
                         85     
                         86             PUBLIC performCountdown
000040                   87     performCountdown:
                         88             ;CLR 090H.4
000040 C296              89             CLR 090H.6
000042 D295              90             SETB 090H.5
000044 D294              91             SETB 090H.4
000046 120000     F      92             CALL delaySecond
000049 C294              93             CLR 090H.4
00004B 120000     F      94             CALL delaySecond
00004E D296              95             SETB 090H.6
000050 120000     F      96             CALL delaySecond
000053 D294              97             SETB 090H.4
000055 22                98             RET
AX51 MACRO ASSEMBLER  TIMER_COUNTDOWN                                                       04/17/17 19:56:26 PAGE     3

                         99     
                        100             PUBLIC disableWdt
000056                  101     disableWdt:
                        102             USING 0
000056 7597DE           103             MOV 097H,#0DEH
000059 7597AD           104             MOV 097H,#0ADH
00005C 22               105             RET
                        106             END
AX51 MACRO ASSEMBLER  TIMER_COUNTDOWN                                                       04/17/17 19:56:26 PAGE     4

SYMBOL TABLE LISTING
------ ----- -------


N A M E                                    T Y P E  V A L U E     ATTRIBUTES

?PR?PERFORMCOUNTDOWN?TIMER_COUNTDOWN. .    C  SEG   00005DH       REL=UNIT, ALN=BYTE
DELAYSECOND . . . . . . . . . . . . . .    C  ADDR  0000H     R   SEG=?PR?PERFORMCOUNTDOWN?TIMER_COUNTDOWN
DISABLEWDT. . . . . . . . . . . . . . .    C  ADDR  0056H     R   SEG=?PR?PERFORMCOUNTDOWN?TIMER_COUNTDOWN
JT_INNER. . . . . . . . . . . . . . . .    C  ADDR  0006H     R   SEG=?PR?PERFORMCOUNTDOWN?TIMER_COUNTDOWN
JT_OUTER. . . . . . . . . . . . . . . .    C  ADDR  0004H     R   SEG=?PR?PERFORMCOUNTDOWN?TIMER_COUNTDOWN
JT_OUTER2 . . . . . . . . . . . . . . .    C  ADDR  0002H     R   SEG=?PR?PERFORMCOUNTDOWN?TIMER_COUNTDOWN
PERFORMCOUNTDOWN. . . . . . . . . . . .    C  ADDR  0040H     R   SEG=?PR?PERFORMCOUNTDOWN?TIMER_COUNTDOWN
TIMER_COUNTDOWN . . . . . . . . . . . .    -- ----  -------       


REGISTER BANK(S) USED: 0 


ASSEMBLY COMPLETE.  0 WARNING(S), 0 ERROR(S).
