C51 COMPILER V9.53.0.0   INITDEVICE                                                        04/10/2017 20:20:33 PAGE 1   


C51 COMPILER V9.53.0.0, COMPILATION OF MODULE INITDEVICE
OBJECT MODULE PLACED IN .\src/InitDevice.OBJ
COMPILER INVOKED BY: Z:\home\hexafraction\SimplicityStudio_v4\developer\toolchains\keil_8051\9.53\BIN\C51.exe /home/hexa
                    -fraction/SimplicityStudio/v4_workspace/timerlib/src/InitDevice.c OMF2 SMALL DEBUG OBJECTEXTEND ROM(LARGE) WARNINGLEVEL(2
                    -) FLOATFUZZY(3) OPTIMIZE(8,SPEED) DEFINE(DEBUG=1) INTVECTOR(0X0000) INTPROMOTE INCDIR(/home/hexafraction/SimplicityStudi
                    -o_v4/developer/sdks/8051/v4.0.3//Device/shared/si8051base;/home/hexafraction/SimplicityStudio_v4/developer/sdks/8051/v4.
                    -0.3//Device/EFM8BB3/inc;/home/hexafraction/SimplicityStudio_v4/developer/sdks/8051/v4.0.3//kits/common/drivers/efm8_memo
                    -ry_lcd/inc;/home/hexafraction/SimplicityStudio_v4/developer/sdks/8051/v4.0.3//kits/common/drivers/efm8_memory_lcd/inc/gr
                    -aphics;/home/hexafraction/SimplicityStudio_v4/developer/sdks/8051/v4.0.3//kits/common/drivers/efm8_memory_lcd/inc/config
                    -;/home/hexafraction/SimplicityStudio_v4/developer/sdks/8051/v4.0.3//kits/common/bsp;/home/hexafraction/SimplicityStudio_
                    -v4/developer/sdks/8051/v4.0.3//kits/EFM8BB3_SLSTK2022A/config;/home/hexafraction/SimplicityStudio_v4/developer/sdks/8051
                    -/v4.0.3//Device/EFM8BB3/peripheral_driver/inc) PRINT(.\src/InitDevice.lst) COND PAGEWIDTH(120) PAGELENGTH(65) OBJECT(.\s
                    -rc/InitDevice.OBJ)

line level    source

   1          //=========================================================
   2          // src/InitDevice.c: generated by Hardware Configurator
   3          //
   4          // This file will be regenerated when saving a document.
   5          // leave the sections inside the "$[...]" comment tags alone
   6          // or they will be overwritten!
   7          //=========================================================
   8          
   9          // USER INCLUDES
  10          #include <SI_EFM8BB3_Register_Enums.h>
  11          #include "InitDevice.h"
*** WARNING C318 IN LINE 11 OF /home/hexafraction/SimplicityStudio/v4_workspace/timerlib/src/InitDevice.c: can't open fi
             -le 'InitDevice.h'
  12          
  13          // USER PROTOTYPES
  14          // USER FUNCTIONS
  15          
  16          // $[Library Includes]
  17          // [Library Includes]$
  18          
  19          //==============================================================================
  20          // enter_DefaultMode_from_RESET
  21          //==============================================================================
  22          extern void enter_DefaultMode_from_RESET(void) {
  23   1              // $[Config Calls]
  24   1              // Save the SFRPAGE
  25   1              uint8_t SFRPAGE_save = SFRPAGE;
  26   1              WDT_0_enter_DefaultMode_from_RESET();
*** WARNING C206 IN LINE 26 OF /home/hexafraction/SimplicityStudio/v4_workspace/timerlib/src/InitDevice.c: 'WDT_0_enter_
             -DefaultMode_from_RESET': missing function-prototype
  27   1              PORTS_0_enter_DefaultMode_from_RESET();
*** WARNING C206 IN LINE 27 OF /home/hexafraction/SimplicityStudio/v4_workspace/timerlib/src/InitDevice.c: 'PORTS_0_ente
             -r_DefaultMode_from_RESET': missing function-prototype
  28   1              PORTS_1_enter_DefaultMode_from_RESET();
*** WARNING C206 IN LINE 28 OF /home/hexafraction/SimplicityStudio/v4_workspace/timerlib/src/InitDevice.c: 'PORTS_1_ente
             -r_DefaultMode_from_RESET': missing function-prototype
  29   1              PORTS_2_enter_DefaultMode_from_RESET();
*** WARNING C206 IN LINE 29 OF /home/hexafraction/SimplicityStudio/v4_workspace/timerlib/src/InitDevice.c: 'PORTS_2_ente
             -r_DefaultMode_from_RESET': missing function-prototype
  30   1              PBCFG_0_enter_DefaultMode_from_RESET();
*** WARNING C206 IN LINE 30 OF /home/hexafraction/SimplicityStudio/v4_workspace/timerlib/src/InitDevice.c: 'PBCFG_0_ente
             -r_DefaultMode_from_RESET': missing function-prototype
  31   1              ADC_0_enter_DefaultMode_from_RESET();
*** WARNING C206 IN LINE 31 OF /home/hexafraction/SimplicityStudio/v4_workspace/timerlib/src/InitDevice.c: 'ADC_0_enter_
             -DefaultMode_from_RESET': missing function-prototype
  32   1              CLOCK_0_enter_DefaultMode_from_RESET();
C51 COMPILER V9.53.0.0   INITDEVICE                                                        04/10/2017 20:20:33 PAGE 2   

*** WARNING C206 IN LINE 32 OF /home/hexafraction/SimplicityStudio/v4_workspace/timerlib/src/InitDevice.c: 'CLOCK_0_ente
             -r_DefaultMode_from_RESET': missing function-prototype
  33   1              TIMER16_3_enter_DefaultMode_from_RESET();
*** WARNING C206 IN LINE 33 OF /home/hexafraction/SimplicityStudio/v4_workspace/timerlib/src/InitDevice.c: 'TIMER16_3_en
             -ter_DefaultMode_from_RESET': missing function-prototype
  34   1              SPI_0_enter_DefaultMode_from_RESET();
*** WARNING C206 IN LINE 34 OF /home/hexafraction/SimplicityStudio/v4_workspace/timerlib/src/InitDevice.c: 'SPI_0_enter_
             -DefaultMode_from_RESET': missing function-prototype
  35   1              INTERRUPT_0_enter_DefaultMode_from_RESET();
*** WARNING C206 IN LINE 35 OF /home/hexafraction/SimplicityStudio/v4_workspace/timerlib/src/InitDevice.c: 'INTERRUPT_0_
             -enter_DefaultMode_from_RESET': missing function-prototype
  36   1              // Restore the SFRPAGE
  37   1              SFRPAGE = SFRPAGE_save;
  38   1              // [Config Calls]$
  39   1      
  40   1      }
  41          
  42          extern void WDT_0_enter_DefaultMode_from_RESET(void) {
*** ERROR C231 IN LINE 42 OF /home/hexafraction/SimplicityStudio/v4_workspace/timerlib/src/InitDevice.c: 'WDT_0_enter_De
             -faultMode_from_RESET': redefinition
  43   1              // $[WDTCN - Watchdog Timer Control]
  44   1              SFRPAGE = 0x00;
  45   1              //Disable Watchdog with key sequence
  46   1              WDTCN = 0xDE; //First key
  47   1              WDTCN = 0xAD; //Second key
  48   1              // [WDTCN - Watchdog Timer Control]$
  49   1      
  50   1      }
*** ERROR C231 IN LINE 50 OF /home/hexafraction/SimplicityStudio/v4_workspace/timerlib/src/InitDevice.c: 'WDT_0_enter_De
             -faultMode_from_RESET': redefinition
  51          
  52          extern void CLOCK_0_enter_DefaultMode_from_RESET(void) {
*** ERROR C231 IN LINE 52 OF /home/hexafraction/SimplicityStudio/v4_workspace/timerlib/src/InitDevice.c: 'CLOCK_0_enter_
             -DefaultMode_from_RESET': redefinition
  53   1              // $[HFOSC1 Setup]
  54   1              // [HFOSC1 Setup]$
  55   1      
  56   1              // $[CLKSEL - Clock Select]
  57   1              /***********************************************************************
  58   1               - Clock derived from the Internal High Frequency Oscillator 0
  59   1               - SYSCLK is equal to selected clock source divided by 1
  60   1               ***********************************************************************/
  61   1              CLKSEL = CLKSEL_CLKSL__HFOSC0 | CLKSEL_CLKDIV__SYSCLK_DIV_1;
  62   1              while ((CLKSEL & CLKSEL_DIVRDY__BMASK) == CLKSEL_DIVRDY__NOT_READY)
  63   1                      ;
  64   1              // [CLKSEL - Clock Select]$
  65   1      
  66   1      }
*** ERROR C231 IN LINE 66 OF /home/hexafraction/SimplicityStudio/v4_workspace/timerlib/src/InitDevice.c: 'CLOCK_0_enter_
             -DefaultMode_from_RESET': redefinition
  67          
  68          extern void TIMER16_3_enter_DefaultMode_from_RESET(void) {
*** ERROR C231 IN LINE 68 OF /home/hexafraction/SimplicityStudio/v4_workspace/timerlib/src/InitDevice.c: 'TIMER16_3_ente
             -r_DefaultMode_from_RESET': redefinition
  69   1              // $[Timer Initialization]
  70   1              // Save Timer Configuration
  71   1              uint8_t TMR3CN0_TR3_save;
  72   1              TMR3CN0_TR3_save = TMR3CN0 & TMR3CN0_TR3__BMASK;
  73   1              // Stop Timer
  74   1              TMR3CN0 &= ~(TMR3CN0_TR3__BMASK);
  75   1              // [Timer Initialization]$
  76   1      
  77   1              // $[TMR3CN1 - Timer 3 Control 1]
C51 COMPILER V9.53.0.0   INITDEVICE                                                        04/10/2017 20:20:33 PAGE 3   

  78   1              // [TMR3CN1 - Timer 3 Control 1]$
  79   1      
  80   1              // $[TMR3CN0 - Timer 3 Control]
  81   1              // [TMR3CN0 - Timer 3 Control]$
  82   1      
  83   1              // $[TMR3H - Timer 3 High Byte]
  84   1              /***********************************************************************
  85   1               - Timer 3 High Byte = 0xF8
  86   1               ***********************************************************************/
  87   1              TMR3H = (0xF8 << TMR3H_TMR3H__SHIFT);
  88   1              // [TMR3H - Timer 3 High Byte]$
  89   1      
  90   1              // $[TMR3L - Timer 3 Low Byte]
  91   1              /***********************************************************************
  92   1               - Timer 3 Low Byte = 0x06
  93   1               ***********************************************************************/
  94   1              TMR3L = (0x06 << TMR3L_TMR3L__SHIFT);
  95   1              // [TMR3L - Timer 3 Low Byte]$
  96   1      
  97   1              // $[TMR3RLH - Timer 3 Reload High Byte]
  98   1              /***********************************************************************
  99   1               - Timer 3 Reload High Byte = 0xF8
 100   1               ***********************************************************************/
 101   1              TMR3RLH = (0xF8 << TMR3RLH_TMR3RLH__SHIFT);
 102   1              // [TMR3RLH - Timer 3 Reload High Byte]$
 103   1      
 104   1              // $[TMR3RLL - Timer 3 Reload Low Byte]
 105   1              /***********************************************************************
 106   1               - Timer 3 Reload Low Byte = 0x06
 107   1               ***********************************************************************/
 108   1              TMR3RLL = (0x06 << TMR3RLL_TMR3RLL__SHIFT);
 109   1              // [TMR3RLL - Timer 3 Reload Low Byte]$
 110   1      
 111   1              // $[TMR3CN0]
 112   1              /***********************************************************************
 113   1               - Start Timer 3 running
 114   1               ***********************************************************************/
 115   1              TMR3CN0 |= TMR3CN0_TR3__RUN;
 116   1              // [TMR3CN0]$
 117   1      
 118   1              // $[Timer Restoration]
 119   1              // Restore Timer Configuration
 120   1              TMR3CN0 |= TMR3CN0_TR3_save;
 121   1              // [Timer Restoration]$
 122   1      
 123   1      }
*** ERROR C231 IN LINE 123 OF /home/hexafraction/SimplicityStudio/v4_workspace/timerlib/src/InitDevice.c: 'TIMER16_3_ent
             -er_DefaultMode_from_RESET': redefinition
 124          
 125          extern void SPI_0_enter_DefaultMode_from_RESET(void) {
*** ERROR C231 IN LINE 125 OF /home/hexafraction/SimplicityStudio/v4_workspace/timerlib/src/InitDevice.c: 'SPI_0_enter_D
             -efaultMode_from_RESET': redefinition
 126   1              // $[SPI0CKR - SPI0 Clock Rate]
 127   1              /***********************************************************************
 128   1               - SPI0 Clock Rate = 0x0B
 129   1               ***********************************************************************/
 130   1              SPI0CKR = (0x0B << SPI0CKR_SPI0CKR__SHIFT);
 131   1              // [SPI0CKR - SPI0 Clock Rate]$
 132   1      
 133   1              // $[SPI0CFG - SPI0 Configuration]
 134   1              /***********************************************************************
 135   1               - Enable master mode. Operate as a master
 136   1               ***********************************************************************/
C51 COMPILER V9.53.0.0   INITDEVICE                                                        04/10/2017 20:20:33 PAGE 4   

 137   1              SPI0CFG |= SPI0CFG_MSTEN__MASTER_ENABLED;
 138   1              // [SPI0CFG - SPI0 Configuration]$
 139   1      
 140   1              // $[SPI0CN0 - SPI0 Control]
 141   1              /***********************************************************************
 142   1               - Enable the SPI module
 143   1               - 3-Wire Slave or 3-Wire Master Mode
 144   1               ***********************************************************************/
 145   1              SPI0CN0 &= ~SPI0CN0_NSSMD__FMASK;
 146   1              SPI0CN0 |= SPI0CN0_SPIEN__ENABLED;
 147   1              // [SPI0CN0 - SPI0 Control]$
 148   1      
 149   1              // $[SPI0FCN0 - SPI0 FIFO Control 0]
 150   1              // [SPI0FCN0 - SPI0 FIFO Control 0]$
 151   1      
 152   1              // $[SPI0FCN1 - SPI0 FIFO Control 1]
 153   1              // [SPI0FCN1 - SPI0 FIFO Control 1]$
 154   1      
 155   1      }
*** ERROR C231 IN LINE 155 OF /home/hexafraction/SimplicityStudio/v4_workspace/timerlib/src/InitDevice.c: 'SPI_0_enter_D
             -efaultMode_from_RESET': redefinition
 156          
 157          extern void INTERRUPT_0_enter_DefaultMode_from_RESET(void) {
*** ERROR C231 IN LINE 157 OF /home/hexafraction/SimplicityStudio/v4_workspace/timerlib/src/InitDevice.c: 'INTERRUPT_0_e
             -nter_DefaultMode_from_RESET': redefinition
 158   1              // $[EIE1 - Extended Interrupt Enable 1]
 159   1              /***********************************************************************
 160   1               - Disable ADC0 Conversion Complete interrupt
 161   1               - Disable ADC0 Window Comparison interrupt
 162   1               - Disable CP0 interrupts
 163   1               - Disable CP1 interrupts
 164   1               - Enable interrupt requests generated by a Port Match
 165   1               - Disable all PCA0 interrupts
 166   1               - Disable all SMB0 interrupts
 167   1               - Enable interrupt requests generated by the TF3L or TF3H flags
 168   1               ***********************************************************************/
 169   1              EIE1 = EIE1_EADC0__DISABLED | EIE1_EWADC0__DISABLED | EIE1_ECP0__DISABLED
 170   1                              | EIE1_ECP1__DISABLED | EIE1_EMAT__ENABLED | EIE1_EPCA0__DISABLED
 171   1                              | EIE1_ESMB0__DISABLED | EIE1_ET3__ENABLED;
 172   1              // [EIE1 - Extended Interrupt Enable 1]$
 173   1      
 174   1              // $[EIE2 - Extended Interrupt Enable 2]
 175   1              // [EIE2 - Extended Interrupt Enable 2]$
 176   1      
 177   1              // $[EIP1H - Extended Interrupt Priority 1 High]
 178   1              // [EIP1H - Extended Interrupt Priority 1 High]$
 179   1      
 180   1              // $[EIP1 - Extended Interrupt Priority 1 Low]
 181   1              // [EIP1 - Extended Interrupt Priority 1 Low]$
 182   1      
 183   1              // $[EIP2 - Extended Interrupt Priority 2]
 184   1              // [EIP2 - Extended Interrupt Priority 2]$
 185   1      
 186   1              // $[EIP2H - Extended Interrupt Priority 2 High]
 187   1              // [EIP2H - Extended Interrupt Priority 2 High]$
 188   1      
 189   1              // $[IE - Interrupt Enable]
 190   1              /***********************************************************************
 191   1               - Enable each interrupt according to its individual mask setting
 192   1               - Disable external interrupt 0
 193   1               - Disable external interrupt 1
 194   1               - Enable interrupt requests generated by SPI0
 195   1               - Disable all Timer 0 interrupt
C51 COMPILER V9.53.0.0   INITDEVICE                                                        04/10/2017 20:20:33 PAGE 5   

 196   1               - Disable all Timer 1 interrupt
 197   1               - Enable interrupt requests generated by the TF2L or TF2H flags
 198   1               - Disable UART0 interrupt
 199   1               ***********************************************************************/
 200   1              IE = IE_EA__ENABLED | IE_EX0__DISABLED | IE_EX1__DISABLED
 201   1                              | IE_ESPI0__ENABLED | IE_ET0__DISABLED | IE_ET1__DISABLED
 202   1                              | IE_ET2__ENABLED | IE_ES0__DISABLED;
 203   1              // [IE - Interrupt Enable]$
 204   1      
 205   1              // $[IP - Interrupt Priority]
 206   1              // [IP - Interrupt Priority]$
 207   1      
 208   1              // $[IPH - Interrupt Priority High]
 209   1              // [IPH - Interrupt Priority High]$
 210   1      
 211   1      }
*** ERROR C231 IN LINE 211 OF /home/hexafraction/SimplicityStudio/v4_workspace/timerlib/src/InitDevice.c: 'INTERRUPT_0_e
             -nter_DefaultMode_from_RESET': redefinition
 212          
 213          extern void PORTS_0_enter_DefaultMode_from_RESET(void) {
*** ERROR C231 IN LINE 213 OF /home/hexafraction/SimplicityStudio/v4_workspace/timerlib/src/InitDevice.c: 'PORTS_0_enter
             -_DefaultMode_from_RESET': redefinition
 214   1              // $[P0 - Port 0 Pin Latch]
 215   1              // [P0 - Port 0 Pin Latch]$
 216   1      
 217   1              // $[P0MDOUT - Port 0 Output Mode]
 218   1              /***********************************************************************
 219   1               - P0.0 output is open-drain
 220   1               - P0.1 output is push-pull
 221   1               - P0.2 output is open-drain
 222   1               - P0.3 output is open-drain
 223   1               - P0.4 output is open-drain
 224   1               - P0.5 output is open-drain
 225   1               - P0.6 output is push-pull
 226   1               - P0.7 output is open-drain
 227   1               ***********************************************************************/
 228   1              P0MDOUT = P0MDOUT_B0__OPEN_DRAIN | P0MDOUT_B1__PUSH_PULL
 229   1                              | P0MDOUT_B2__OPEN_DRAIN | P0MDOUT_B3__OPEN_DRAIN
 230   1                              | P0MDOUT_B4__OPEN_DRAIN | P0MDOUT_B5__OPEN_DRAIN
 231   1                              | P0MDOUT_B6__PUSH_PULL | P0MDOUT_B7__OPEN_DRAIN;
 232   1              // [P0MDOUT - Port 0 Output Mode]$
 233   1      
 234   1              // $[P0MDIN - Port 0 Input Mode]
 235   1              // [P0MDIN - Port 0 Input Mode]$
 236   1      
 237   1              // $[P0SKIP - Port 0 Skip]
 238   1              /***********************************************************************
 239   1               - P0.0 pin is skipped by the crossbar
 240   1               - P0.1 pin is skipped by the crossbar
 241   1               - P0.2 pin is skipped by the crossbar
 242   1               - P0.3 pin is skipped by the crossbar
 243   1               - P0.4 pin is skipped by the crossbar
 244   1               - P0.5 pin is skipped by the crossbar
 245   1               - P0.6 pin is not skipped by the crossbar
 246   1               - P0.7 pin is not skipped by the crossbar
 247   1               ***********************************************************************/
 248   1              P0SKIP = P0SKIP_B0__SKIPPED | P0SKIP_B1__SKIPPED | P0SKIP_B2__SKIPPED
 249   1                              | P0SKIP_B3__SKIPPED | P0SKIP_B4__SKIPPED | P0SKIP_B5__SKIPPED
 250   1                              | P0SKIP_B6__NOT_SKIPPED | P0SKIP_B7__NOT_SKIPPED;
 251   1              // [P0SKIP - Port 0 Skip]$
 252   1      
 253   1              // $[P0MASK - Port 0 Mask]
 254   1              /***********************************************************************
C51 COMPILER V9.53.0.0   INITDEVICE                                                        04/10/2017 20:20:33 PAGE 6   

 255   1               - P0.0 pin logic value is ignored and will not cause a port mismatch
 256   1               event
 257   1               - P0.1 pin logic value is ignored and will not cause a port mismatch
 258   1               event
 259   1               - P0.2 pin logic value is compared to P0MAT.2
 260   1               - P0.3 pin logic value is ignored and will not cause a port mismatch
 261   1               event
 262   1               - P0.4 pin logic value is ignored and will not cause a port mismatch
 263   1               event
 264   1               - P0.5 pin logic value is ignored and will not cause a port mismatch
 265   1               event
 266   1               - P0.6 pin logic value is ignored and will not cause a port mismatch
 267   1               event
 268   1               - P0.7 pin logic value is ignored and will not cause a port mismatch
 269   1               event
 270   1               ***********************************************************************/
 271   1              P0MASK = P0MASK_B0__IGNORED | P0MASK_B1__IGNORED | P0MASK_B2__COMPARED
 272   1                              | P0MASK_B3__IGNORED | P0MASK_B4__IGNORED | P0MASK_B5__IGNORED
 273   1                              | P0MASK_B6__IGNORED | P0MASK_B7__IGNORED;
 274   1              // [P0MASK - Port 0 Mask]$
 275   1      
 276   1              // $[P0MAT - Port 0 Match]
 277   1              // [P0MAT - Port 0 Match]$
 278   1      
 279   1      }
*** ERROR C231 IN LINE 279 OF /home/hexafraction/SimplicityStudio/v4_workspace/timerlib/src/InitDevice.c: 'PORTS_0_enter
             -_DefaultMode_from_RESET': redefinition
 280          
 281          extern void PORTS_1_enter_DefaultMode_from_RESET(void) {
*** ERROR C231 IN LINE 281 OF /home/hexafraction/SimplicityStudio/v4_workspace/timerlib/src/InitDevice.c: 'PORTS_1_enter
             -_DefaultMode_from_RESET': redefinition
 282   1              // $[P1 - Port 1 Pin Latch]
 283   1              // [P1 - Port 1 Pin Latch]$
 284   1      
 285   1              // $[P1MDOUT - Port 1 Output Mode]
 286   1              /***********************************************************************
 287   1               - P1.0 output is push-pull
 288   1               - P1.1 output is open-drain
 289   1               - P1.2 output is open-drain
 290   1               - P1.3 output is open-drain
 291   1               - P1.4 output is open-drain
 292   1               - P1.5 output is open-drain
 293   1               - P1.6 output is push-pull
 294   1               - P1.7 output is open-drain
 295   1               ***********************************************************************/
 296   1              P1MDOUT = P1MDOUT_B0__PUSH_PULL | P1MDOUT_B1__OPEN_DRAIN
 297   1                              | P1MDOUT_B2__OPEN_DRAIN | P1MDOUT_B3__OPEN_DRAIN
 298   1                              | P1MDOUT_B4__OPEN_DRAIN | P1MDOUT_B5__OPEN_DRAIN
 299   1                              | P1MDOUT_B6__PUSH_PULL | P1MDOUT_B7__OPEN_DRAIN;
 300   1              // [P1MDOUT - Port 1 Output Mode]$
 301   1      
 302   1              // $[P1MDIN - Port 1 Input Mode]
 303   1              // [P1MDIN - Port 1 Input Mode]$
 304   1      
 305   1              // $[P1SKIP - Port 1 Skip]
 306   1              /***********************************************************************
 307   1               - P1.0 pin is not skipped by the crossbar
 308   1               - P1.1 pin is skipped by the crossbar
 309   1               - P1.2 pin is skipped by the crossbar
 310   1               - P1.3 pin is skipped by the crossbar
 311   1               - P1.4 pin is skipped by the crossbar
 312   1               - P1.5 pin is skipped by the crossbar
 313   1               - P1.6 pin is skipped by the crossbar
C51 COMPILER V9.53.0.0   INITDEVICE                                                        04/10/2017 20:20:33 PAGE 7   

 314   1               - P1.7 pin is skipped by the crossbar
 315   1               ***********************************************************************/
 316   1              P1SKIP = P1SKIP_B0__NOT_SKIPPED | P1SKIP_B1__SKIPPED | P1SKIP_B2__SKIPPED
 317   1                              | P1SKIP_B3__SKIPPED | P1SKIP_B4__SKIPPED | P1SKIP_B5__SKIPPED
 318   1                              | P1SKIP_B6__SKIPPED | P1SKIP_B7__SKIPPED;
 319   1              // [P1SKIP - Port 1 Skip]$
 320   1      
 321   1              // $[P1MASK - Port 1 Mask]
 322   1              // [P1MASK - Port 1 Mask]$
 323   1      
 324   1              // $[P1MAT - Port 1 Match]
 325   1              // [P1MAT - Port 1 Match]$
 326   1      
 327   1      }
*** ERROR C231 IN LINE 327 OF /home/hexafraction/SimplicityStudio/v4_workspace/timerlib/src/InitDevice.c: 'PORTS_1_enter
             -_DefaultMode_from_RESET': redefinition
 328          
 329          extern void PBCFG_0_enter_DefaultMode_from_RESET(void) {
*** ERROR C231 IN LINE 329 OF /home/hexafraction/SimplicityStudio/v4_workspace/timerlib/src/InitDevice.c: 'PBCFG_0_enter
             -_DefaultMode_from_RESET': redefinition
 330   1              // $[XBR2 - Port I/O Crossbar 2]
 331   1              /***********************************************************************
 332   1               - Weak Pullups enabled
 333   1               - Crossbar enabled
 334   1               - UART1 I/O unavailable at Port pin
 335   1               - UART1 RTS1 unavailable at Port pin
 336   1               - UART1 CTS1 unavailable at Port pin
 337   1               ***********************************************************************/
 338   1              SFRPAGE = 0x00;
 339   1              XBR2 = XBR2_WEAKPUD__PULL_UPS_ENABLED | XBR2_XBARE__ENABLED
 340   1                              | XBR2_URT1E__DISABLED | XBR2_URT1RTSE__DISABLED
 341   1                              | XBR2_URT1CTSE__DISABLED;
 342   1              // [XBR2 - Port I/O Crossbar 2]$
 343   1      
 344   1              // $[PRTDRV - Port Drive Strength]
 345   1              // [PRTDRV - Port Drive Strength]$
 346   1      
 347   1              // $[XBR0 - Port I/O Crossbar 0]
 348   1              /***********************************************************************
 349   1               - UART0 I/O unavailable at Port pin
 350   1               - SPI I/O routed to Port pins
 351   1               - SMBus 0 I/O unavailable at Port pins
 352   1               - CP0 unavailable at Port pin
 353   1               - Asynchronous CP0 unavailable at Port pin
 354   1               - CP1 unavailable at Port pin
 355   1               - Asynchronous CP1 unavailable at Port pin
 356   1               - SYSCLK unavailable at Port pin
 357   1               ***********************************************************************/
 358   1              XBR0 = XBR0_URT0E__DISABLED | XBR0_SPI0E__ENABLED | XBR0_SMB0E__DISABLED
 359   1                              | XBR0_CP0E__DISABLED | XBR0_CP0AE__DISABLED | XBR0_CP1E__DISABLED
 360   1                              | XBR0_CP1AE__DISABLED | XBR0_SYSCKE__DISABLED;
 361   1              // [XBR0 - Port I/O Crossbar 0]$
 362   1      
 363   1              // $[XBR1 - Port I/O Crossbar 1]
 364   1              // [XBR1 - Port I/O Crossbar 1]$
 365   1      
 366   1      }
*** ERROR C231 IN LINE 366 OF /home/hexafraction/SimplicityStudio/v4_workspace/timerlib/src/InitDevice.c: 'PBCFG_0_enter
             -_DefaultMode_from_RESET': redefinition
 367          
 368          extern void PORTS_2_enter_DefaultMode_from_RESET(void) {
*** ERROR C231 IN LINE 368 OF /home/hexafraction/SimplicityStudio/v4_workspace/timerlib/src/InitDevice.c: 'PORTS_2_enter
             -_DefaultMode_from_RESET': redefinition
C51 COMPILER V9.53.0.0   INITDEVICE                                                        04/10/2017 20:20:33 PAGE 8   

 369   1              // $[P2 - Port 2 Pin Latch]
 370   1              // [P2 - Port 2 Pin Latch]$
 371   1      
 372   1              // $[P2MDOUT - Port 2 Output Mode]
 373   1              /***********************************************************************
 374   1               - P2.0 output is open-drain
 375   1               - P2.1 output is open-drain
 376   1               - P2.2 output is open-drain
 377   1               - P2.3 output is push-pull
 378   1               ***********************************************************************/
 379   1              P2MDOUT = P2MDOUT_B0__OPEN_DRAIN | P2MDOUT_B1__OPEN_DRAIN
 380   1                              | P2MDOUT_B2__OPEN_DRAIN | P2MDOUT_B3__PUSH_PULL;
 381   1              // [P2MDOUT - Port 2 Output Mode]$
 382   1      
 383   1              // $[P2MDIN - Port 2 Input Mode]
 384   1              // [P2MDIN - Port 2 Input Mode]$
 385   1      
 386   1              // $[P2SKIP - Port 2 Skip]
 387   1              /***********************************************************************
 388   1               - P2.0 pin is not skipped by the crossbar
 389   1               - P2.1 pin is not skipped by the crossbar
 390   1               - P2.2 pin is not skipped by the crossbar
 391   1               - P2.3 pin is skipped by the crossbar
 392   1               ***********************************************************************/
 393   1              SFRPAGE = 0x20;
 394   1              P2SKIP = P2SKIP_B0__NOT_SKIPPED | P2SKIP_B1__NOT_SKIPPED
 395   1                              | P2SKIP_B2__NOT_SKIPPED | P2SKIP_B3__SKIPPED;
 396   1              // [P2SKIP - Port 2 Skip]$
 397   1      
 398   1              // $[P2MASK - Port 2 Mask]
 399   1              // [P2MASK - Port 2 Mask]$
 400   1      
 401   1              // $[P2MAT - Port 2 Match]
 402   1              // [P2MAT - Port 2 Match]$
 403   1      
 404   1      }
*** ERROR C231 IN LINE 404 OF /home/hexafraction/SimplicityStudio/v4_workspace/timerlib/src/InitDevice.c: 'PORTS_2_enter
             -_DefaultMode_from_RESET': redefinition
 405          
 406          extern void ADC_0_enter_DefaultMode_from_RESET(void) {
*** ERROR C231 IN LINE 406 OF /home/hexafraction/SimplicityStudio/v4_workspace/timerlib/src/InitDevice.c: 'ADC_0_enter_D
             -efaultMode_from_RESET': redefinition
 407   1              // $[ADC0CN1 - ADC0 Control 1]
 408   1              // [ADC0CN1 - ADC0 Control 1]$
 409   1      
 410   1              // $[ADC0MX - ADC0 Multiplexer Selection]
 411   1              // [ADC0MX - ADC0 Multiplexer Selection]$
 412   1      
 413   1              // $[ADC0CF - ADC0 Configuration]
 414   1              // [ADC0CF - ADC0 Configuration]$
 415   1      
 416   1              // $[ADC0AC - ADC0 Accumulator Configuration]
 417   1              // [ADC0AC - ADC0 Accumulator Configuration]$
 418   1      
 419   1              // $[ADC0TK - ADC0 Burst Mode Track Time]
 420   1              // [ADC0TK - ADC0 Burst Mode Track Time]$
 421   1      
 422   1              // $[ADC0PWR - ADC0 Power Control]
 423   1              // [ADC0PWR - ADC0 Power Control]$
 424   1      
 425   1              // $[ADC0GTH - ADC0 Greater-Than High Byte]
 426   1              // [ADC0GTH - ADC0 Greater-Than High Byte]$
 427   1      
C51 COMPILER V9.53.0.0   INITDEVICE                                                        04/10/2017 20:20:33 PAGE 9   

 428   1              // $[ADC0GTL - ADC0 Greater-Than Low Byte]
 429   1              // [ADC0GTL - ADC0 Greater-Than Low Byte]$
 430   1      
 431   1              // $[ADC0LTH - ADC0 Less-Than High Byte]
 432   1              // [ADC0LTH - ADC0 Less-Than High Byte]$
 433   1      
 434   1              // $[ADC0LTL - ADC0 Less-Than Low Byte]
 435   1              // [ADC0LTL - ADC0 Less-Than Low Byte]$
 436   1      
 437   1              // $[ADC0CN0 - ADC0 Control 0]
 438   1              // [ADC0CN0 - ADC0 Control 0]$
 439   1      
 440   1      }
*** ERROR C231 IN LINE 440 OF /home/hexafraction/SimplicityStudio/v4_workspace/timerlib/src/InitDevice.c: 'ADC_0_enter_D
             -efaultMode_from_RESET': redefinition

C51 COMPILATION COMPLETE.  11 WARNING(S),  20 ERROR(S)
